// Jest Snapshot v1, https://goo.gl/fbAQLP

exports[`calls "generator" on click 1`] = `
<DocumentFragment>
  .c0 {
  display: block;
  cursor: pointer;
  border: none;
  padding: 0;
}

<button
    class="c0 btn btn-dark"
    type="button"
  >
    <img
      alt="go"
      src="svgs-go.svg"
      style="width: 8rem;"
    />
  </button>
</DocumentFragment>
`;
